[    0.000000] Initializing cgroup subsys cpuset
[    0.000000] Initializing cgroup subsys cpu
[    0.000000] Initializing cgroup subsys cpuacct
[    0.000000] Linux version 4.4.0-93-generic (buildd@lgw01-03) (gcc version 5.4.0 20160609 (Ubuntu 5.4.0-6ubuntu1~16.04.4) ) #116-Ubuntu SMP Fri Aug 11 21:17:51 UTC 2017 (Ubuntu 4.4.0-93.116-generic 4.4.79)
[    0.000000] Command line: BOOT_IMAGE=/boot/vmlinuz-4.4.0-93-generic root=LABEL=cloudimg-rootfs ro console=tty1 console=ttyS0
[    0.000000] KERNEL supported cpus:
[    0.000000]   Intel GenuineIntel
[    0.000000]   AMD AuthenticAMD
[    0.000000]   Centaur CentaurHauls
[    0.000000] x86/fpu: xstate_offset[2]:  576, xstate_sizes[2]:  256
[    0.000000] x86/fpu: Supporting XSAVE feature 0x01: 'x87 floating point registers'
[    0.000000] x86/fpu: Supporting XSAVE feature 0x02: 'SSE registers'
[    0.000000] x86/fpu: Supporting XSAVE feature 0x04: 'AVX registers'
[    0.000000] x86/fpu: Enabled xstate features 0x7, context size is 832 bytes, using 'standard' format.
[    0.000000] x86/fpu: Using 'lazy' FPU context switches.
[    0.000000] e820: BIOS-provided physical RAM map:
[    0.000000] BIOS-e820: [mem 0x0000000000000000-0x000000000009fbff] usable
[    0.000000] BIOS-e820: [mem 0x000000000009fc00-0x000000000009ffff] reserved
[    0.000000] BIOS-e820: [mem 0x00000000000f0000-0x00000000000fffff] reserved
[    0.000000] BIOS-e820: [mem 0x0000000000100000-0x000000003ffeffff] usable
[    0.000000] BIOS-e820: [mem 0x000000003fff0000-0x000000003fffffff] ACPI data
[    0.000000] BIOS-e820: [mem 0x00000000fec00000-0x00000000fec00fff] reserved
[    0.000000] BIOS-e820: [mem 0x00000000fee00000-0x00000000fee00fff] reserved
[    0.000000] BIOS-e820: [mem 0x00000000fffc0000-0x00000000ffffffff] reserved
[    0.000000] NX (Execute Disable) protection: active
[    0.000000] SMBIOS 2.5 present.
[    0.000000] Hypervisor detected: KVM
[    0.000000] e820: last_pfn = 0x3fff0 max_arch_pfn = 0x400000000
[    0.000000] MTRR: Disabled
[    0.000000] x86/PAT: MTRRs disabled, skipping PAT initialization too.
[    0.000000] CPU MTRRs all blank - virtualized system.
[    0.000000] x86/PAT: Configuration [0-7]: WB  WT  UC- UC  WB  WT  UC- UC  
[    0.000000] found SMP MP-table at [mem 0x0009fff0-0x0009ffff] mapped at [ffff88000009fff0]
[    0.000000] Scanning 1 areas for low memory corruption
[    0.000000] RAMDISK: [mem 0x36ada000-0x37564fff]
[    0.000000] ACPI: Early table checksum verification disabled
[    0.000000] ACPI: RSDP 0x00000000000E0000 000024 (v02 VBOX  )
[    0.000000] ACPI: XSDT 0x000000003FFF0030 00003C (v01 VBOX   VBOXXSDT 00000001 ASL  00000061)
[    0.000000] ACPI: FACP 0x000000003FFF00F0 0000F4 (v04 VBOX   VBOXFACP 00000001 ASL  00000061)
[    0.000000] ACPI: DSDT 0x000000003FFF0470 0021C8 (v02 VBOX   VBOXBIOS 00000002 INTL 20100528)
[    0.000000] ACPI: FACS 0x000000003FFF0200 000040
[    0.000000] ACPI: FACS 0x000000003FFF0200 000040
[    0.000000] ACPI: APIC 0x000000003FFF0240 00005C (v02 VBOX   VBOXAPIC 00000001 ASL  00000061)
[    0.000000] ACPI: SSDT 0x000000003FFF02A0 0001CC (v01 VBOX   VBOXCPUT 00000002 INTL 20100528)
[    0.000000] No NUMA configuration found
[    0.000000] Faking a node at [mem 0x0000000000000000-0x000000003ffeffff]
[    0.000000] NODE_DATA(0) allocated [mem 0x3ffeb000-0x3ffeffff]
[    0.000000] kvm-clock: Using msrs 4b564d01 and 4b564d00
[    0.000000] kvm-clock: cpu 0, msr 0:3ffe3001, primary cpu clock
[    0.000000] kvm-clock: using sched offset of 3020900068 cycles
[    0.000000] clocksource: kvm-clock: mask: 0xffffffffffffffff max_cycles: 0x1cd42e4dffb, max_idle_ns: 881590591483 ns
[    0.000000] Zone ranges:
[    0.000000]   DMA      [mem 0x0000000000001000-0x0000000000ffffff]
[    0.000000]   DMA32    [mem 0x0000000001000000-0x000000003ffeffff]
[    0.000000]   Normal   empty
[    0.000000]   Device   empty
[    0.000000] Movable zone start for each node
[    0.000000] Early memory node ranges
[    0.000000]   node   0: [mem 0x0000000000001000-0x000000000009efff]
[    0.000000]   node   0: [mem 0x0000000000100000-0x000000003ffeffff]
[    0.000000] Initmem setup node 0 [mem 0x0000000000001000-0x000000003ffeffff]
[    0.000000] ACPI: PM-Timer IO Port: 0x4008
[    0.000000] IOAPIC[0]: apic_id 2, version 32, address 0xfec00000, GSI 0-23
[    0.000000] ACPI: INT_SRC_OVR (bus 0 bus_irq 0 global_irq 2 dfl dfl)
[    0.000000] ACPI: INT_SRC_OVR (bus 0 bus_irq 9 global_irq 9 high level)
[    0.000000] Using ACPI (MADT) for SMP configuration information
[    0.000000] smpboot: Allowing 2 CPUs, 0 hotplug CPUs
[    0.000000] PM: Registered nosave memory: [mem 0x00000000-0x00000fff]
[    0.000000] PM: Registered nosave memory: [mem 0x0009f000-0x0009ffff]
[    0.000000] PM: Registered nosave memory: [mem 0x000a0000-0x000effff]
[    0.000000] PM: Registered nosave memory: [mem 0x000f0000-0x000fffff]
[    0.000000] e820: [mem 0x40000000-0xfebfffff] available for PCI devices
[    0.000000] Booting paravirtualized kernel on KVM
[    0.000000] clocksource: refined-jiffies: mask: 0xffffffff max_cycles: 0xffffffff, max_idle_ns: 7645519600211568 ns
[    0.000000] setup_percpu: NR_CPUS:512 nr_cpumask_bits:512 nr_cpu_ids:2 nr_node_ids:1
[    0.000000] PERCPU: Embedded 34 pages/cpu @ffff88003fc00000 s98328 r8192 d32744 u1048576
[    0.000000] PV qspinlock hash table entries: 256 (order: 0, 4096 bytes)
[    0.000000] Built 1 zonelists in Node order, mobility grouping on.  Total pages: 257913
[    0.000000] Policy zone: DMA32
[    0.000000] Kernel command line: BOOT_IMAGE=/boot/vmlinuz-4.4.0-93-generic root=LABEL=cloudimg-rootfs ro console=tty1 console=ttyS0
[    0.000000] PID hash table entries: 4096 (order: 3, 32768 bytes)
[    0.000000] Memory: 1001768K/1048120K available (8479K kernel code, 1294K rwdata, 3984K rodata, 1492K init, 1316K bss, 46352K reserved, 0K cma-reserved)
[    0.000000] SLUB: HWalign=64, Order=0-3, MinObjects=0, CPUs=2, Nodes=1
[    0.000000] Hierarchical RCU implementation.
[    0.000000] 	Build-time adjustment of leaf fanout to 64.
[    0.000000] 	RCU restricting CPUs from NR_CPUS=512 to nr_cpu_ids=2.
[    0.000000] RCU: Adjusting geometry for rcu_fanout_leaf=64, nr_cpu_ids=2
[    0.000000] NR_IRQS:33024 nr_irqs:440 16
[    0.000000] Console: colour VGA+ 80x25
[    0.000000] console [tty1] enabled
[    0.000000] console [ttyS0] enabled
[    0.000000] tsc: Detected 2699.998 MHz processor
[    3.518149] Calibrating delay loop (skipped) preset value.. 5399.99 BogoMIPS (lpj=10799992)
[    3.559074] pid_max: default: 32768 minimum: 301
[    3.561915] ACPI: Core revision 20150930
[    3.599082] ACPI: 2 ACPI AML tables successfully acquired and loaded
[    3.600588] Security Framework initialized
[    3.668833] Yama: becoming mindful.
[    3.721306] AppArmor: AppArmor initialized
[    3.736378] Dentry cache hash table entries: 131072 (order: 8, 1048576 bytes)
[    3.750085] Inode-cache hash table entries: 65536 (order: 7, 524288 bytes)
[    3.782474] Mount-cache hash table entries: 2048 (order: 2, 16384 bytes)
[    3.813910] Mountpoint-cache hash table entries: 2048 (order: 2, 16384 bytes)
[    3.831824] Initializing cgroup subsys io
[    3.836002] Initializing cgroup subsys memory
[    3.843754] Initializing cgroup subsys devices
[    3.851907] Initializing cgroup subsys freezer
[    3.853715] Initializing cgroup subsys net_cls
[    3.856362] Initializing cgroup subsys perf_event
[    3.862550] Initializing cgroup subsys net_prio
[    3.865136] Initializing cgroup subsys hugetlb
[    3.867048] Initializing cgroup subsys pids
[    3.870914] CPU: Physical Processor ID: 0
[    3.871851] CPU: Processor Core ID: 0
[    3.873649] mce: CPU supports 0 MCE banks
[    3.880325] Last level iTLB entries: 4KB 64, 2MB 8, 4MB 8
[    3.882792] Last level dTLB entries: 4KB 64, 2MB 0, 4MB 0, 1GB 4
[    3.886009] Freeing SMP alternatives memory: 32K (ffffffff820ba000 - ffffffff820c2000)
[    3.898230] ftrace: allocating 32136 entries in 126 pages
[    3.952208] smpboot: APIC(0) Converting physical 0 to logical package 0
[    3.959976] smpboot: Max logical packages: 1
[    3.961901] x2apic enabled
[    3.963173] Switched APIC routing to physical x2apic.
[    3.966332] ..TIMER: vector=0x30 apic1=0 pin1=2 apic2=-1 pin2=-1
[    4.077268] smpboot: CPU0: Intel(R) Core(TM) i5-5257U CPU @ 2.70GHz (family: 0x6, model: 0x3d, stepping: 0x4)
[    4.085218] Performance Events: unsupported p6 CPU model 61 no PMU driver, software events only.
[    4.091533] KVM setup paravirtual spinlock
[    4.093856] x86: Booting SMP configuration:
[    4.100525] .... node  #0, CPUs:      #1
[    4.110637] kvm-clock: cpu 1, msr 0:3ffe3041, secondary cpu clock
[    4.134246] mce: CPU supports 0 MCE banks
[    4.163115] x86: Booted up 1 node, 2 CPUs
[    4.169849] smpboot: Total of 2 processors activated (10799.99 BogoMIPS)
[    4.179914] devtmpfs: initialized
[    4.188784] evm: security.selinux
[    4.194513] evm: security.SMACK64
[    4.201088] evm: security.SMACK64EXEC
[    4.201997] evm: security.SMACK64TRANSMUTE
[    4.204161] evm: security.SMACK64MMAP
[    4.205070] evm: security.ima
[    4.205832] evm: security.capability
[    4.207316] clocksource: jiffies: mask: 0xffffffff max_cycles: 0xffffffff, max_idle_ns: 7645041785100000 ns
[    4.212205] futex hash table entries: 512 (order: 3, 32768 bytes)
[    4.223579] pinctrl core: initialized pinctrl subsystem
[    4.229537] RTC time: 20:31:10, date: 09/18/17
[    4.235816] NET: Registered protocol family 16
[    4.263941] cpuidle: using governor ladder
[    4.283901] cpuidle: using governor menu
[    4.287660] PCCT header not found.
[    4.298202] ACPI: bus type PCI registered
[    4.300686] acpiphp: ACPI Hot Plug PCI Controller Driver version: 0.5
[    4.302178] PCI: Using configuration type 1 for base access
[    4.324359] ACPI: Added _OSI(Module Device)
[    4.329701] ACPI: Added _OSI(Processor Device)
[    4.335673] ACPI: Added _OSI(3.0 _SCP Extensions)
[    4.353737] ACPI: Added _OSI(Processor Aggregator Device)
[    4.377645] ACPI: Executed 1 blocks of module-level executable AML code
[    4.411751] ACPI: Interpreter enabled
[    4.413747] ACPI: (supports S0 S5)
[    4.414593] ACPI: Using IOAPIC for interrupt routing
[    4.425522] PCI: Using host bridge windows from ACPI; if necessary, use "pci=nocrs" and report a bug
[    4.445989] ACPI: PCI Root Bridge [PCI0] (domain 0000 [bus 00-ff])
[    4.453625] acpi PNP0A03:00: _OSC: OS supports [ASPM ClockPM Segments MSI]
[    4.471199] acpi PNP0A03:00: _OSC failed (AE_NOT_FOUND); disabling ASPM
[    4.475142] acpi PNP0A03:00: fail to add MMCONFIG information, can't access extended PCI configuration space under this bridge.
[    4.480834] PCI host bridge to bus 0000:00
[    4.483381] pci_bus 0000:00: root bus resource [io  0x0000-0x0cf7 window]
[    4.487249] pci_bus 0000:00: root bus resource [io  0x0d00-0xffff window]
[    4.508982] pci_bus 0000:00: root bus resource [mem 0x000a0000-0x000bffff window]
[    4.517431] pci_bus 0000:00: root bus resource [mem 0x40000000-0xffdfffff window]
[    4.521146] pci_bus 0000:00: root bus resource [bus 00-ff]
[    4.531889] pci 0000:00:01.1: legacy IDE quirk: reg 0x10: [io  0x01f0-0x01f7]
[    4.540078] pci 0000:00:01.1: legacy IDE quirk: reg 0x14: [io  0x03f6]
[    4.550762] pci 0000:00:01.1: legacy IDE quirk: reg 0x18: [io  0x0170-0x0177]
[    4.564650] pci 0000:00:01.1: legacy IDE quirk: reg 0x1c: [io  0x0376]
[    4.587648] pci 0000:00:07.0: quirk: [io  0x4000-0x403f] claimed by PIIX4 ACPI
[    4.590536] pci 0000:00:07.0: quirk: [io  0x4100-0x410f] claimed by PIIX4 SMB
[    4.606362] ACPI: PCI Interrupt Link [LNKA] (IRQs 5 9 10 *11)
[    4.631969] ACPI: PCI Interrupt Link [LNKB] (IRQs 5 9 10 *11)
[    4.651724] ACPI: PCI Interrupt Link [LNKC] (IRQs 5 9 *10 11)
[    4.658114] ACPI: PCI Interrupt Link [LNKD] (IRQs 5 *9 10 11)
[    4.661029] ACPI: Enabled 2 GPEs in block 00 to 07
[    4.674227] vgaarb: setting as boot device: PCI:0000:00:02.0
[    4.683469] vgaarb: device added: PCI:0000:00:02.0,decodes=io+mem,owns=io+mem,locks=none
[    4.685316] vgaarb: loaded
[    4.686026] vgaarb: bridge control possible 0000:00:02.0
[    4.707538] SCSI subsystem initialized
[    4.721581] ACPI: bus type USB registered
[    4.737534] usbcore: registered new interface driver usbfs
[    4.754922] usbcore: registered new interface driver hub
[    4.776323] usbcore: registered new device driver usb
[    4.855203] PCI: Using ACPI for IRQ routing
[    4.871035] NetLabel: Initializing
[    4.893992] NetLabel:  domain hash size = 128
[    4.909245] NetLabel:  protocols = UNLABELED CIPSOv4
[    4.933234] NetLabel:  unlabeled traffic allowed by default
[    4.961211] amd_nb: Cannot enumerate AMD northbridges
[    4.967726] clocksource: Switched to clocksource kvm-clock
[    5.017194] AppArmor: AppArmor Filesystem Enabled
[    5.030110] pnp: PnP ACPI init
[    5.061983] pnp: PnP ACPI: found 3 devices
[    5.092273] clocksource: acpi_pm: mask: 0xffffff max_cycles: 0xffffff, max_idle_ns: 2085701024 ns
[    5.258396] NET: Registered protocol family 2
[    5.272123] TCP established hash table entries: 8192 (order: 4, 65536 bytes)
[    5.298189] TCP bind hash table entries: 8192 (order: 5, 131072 bytes)
[    5.304145] TCP: Hash tables configured (established 8192 bind 8192)
[    5.322315] UDP hash table entries: 512 (order: 2, 16384 bytes)
[    5.335835] UDP-Lite hash table entries: 512 (order: 2, 16384 bytes)
[    5.352891] NET: Registered protocol family 1
[    5.381245] pci 0000:00:00.0: Limiting direct PCI/PCI transfers
[    5.392641] pci 0000:00:01.0: Activating ISA DMA hang workarounds
[    5.433106] Unpacking initramfs...
[    7.555625] Freeing initrd memory: 10796K (ffff880036ada000 - ffff880037565000)
[    7.579073] RAPL PMU detected, API unit is 2^-32 Joules, 4 fixed counters 10737418240 ms ovfl timer
[    7.615740] hw unit of domain pp0-core 2^-0 Joules
[    7.622693] hw unit of domain package 2^-0 Joules
[    7.634757] hw unit of domain dram 2^-0 Joules
[    7.640328] hw unit of domain pp1-gpu 2^-0 Joules
[    7.645821] platform rtc_cmos: registered platform RTC device (no PNP device found)
[    7.656091] Scanning for low memory corruption every 60 seconds
[    7.669848] audit: initializing netlink subsys (disabled)
[    7.673364] audit: type=2000 audit(1505766674.038:1): initialized
[    7.678546] Initialise system trusted keyring
[    7.694585] HugeTLB registered 2 MB page size, pre-allocated 0 pages
[    7.707387] zbud: loaded
[    7.709301] VFS: Disk quotas dquot_6.6.0
[    7.712762] VFS: Dquot-cache hash table entries: 512 (order 0, 4096 bytes)
[    7.728951] squashfs: version 4.0 (2009/01/31) Phillip Lougher
[    7.752030] fuse init (API version 7.23)
[    7.753678] Key type big_key registered
[    7.769039] Allocating IMA MOK and blacklist keyrings.
[    7.781728] Key type asymmetric registered
[    7.796654] Asymmetric key parser 'x509' registered
[    7.828042] Block layer SCSI generic (bsg) driver version 0.4 loaded (major 249)
[    7.844069] io scheduler noop registered
[    7.845849] io scheduler deadline registered (default)
[    7.859184] io scheduler cfq registered
[    7.863676] pci_hotplug: PCI Hot Plug PCI Core version: 0.5
[    7.896741] pciehp: PCI Express Hot Plug Controller Driver version: 0.4
[    7.930470] ACPI: AC Adapter [AC] (off-line)
[    7.933694] input: Power Button as /devices/LNXSYSTM:00/LNXPWRBN:00/input/input0
[    7.961682] ACPI: Power Button [PWRF]
[    7.976535] input: Sleep Button as /devices/LNXSYSTM:00/LNXSLPBN:00/input/input1
[    8.047503] ACPI: Sleep Button [SLPF]
[    8.108456] GHES: HEST is not enabled!
[    8.110029] Serial: 8250/16550 driver, 32 ports, IRQ sharing enabled
[    8.110143] ACPI: Battery Slot [BAT0] (battery present)
[    8.186785] 00:02: ttyS0 at I/O 0x3f8 (irq = 4, base_baud = 115200) is a 16550A
[    8.220273] Linux agpgart interface v0.103
[    8.223033] loop: module loaded
[    8.230953] scsi host0: ata_piix
[    8.235743] scsi host1: ata_piix
[    8.239019] ata1: PATA max UDMA/33 cmd 0x1f0 ctl 0x3f6 bmdma 0xd000 irq 14
[    8.240586] ata2: PATA max UDMA/33 cmd 0x170 ctl 0x376 bmdma 0xd008 irq 15
[    8.247533] libphy: Fixed MDIO Bus: probed
[    8.250577] tun: Universal TUN/TAP device driver, 1.6
[    8.252060] tun: (C) 1999-2004 Max Krasnyansky <maxk@qualcomm.com>
[    8.253459] PPP generic driver version 2.4.2
[    8.254527] ehci_hcd: USB 2.0 'Enhanced' Host Controller (EHCI) Driver
[    8.255933] ehci-pci: EHCI PCI platform driver
[    8.258273] ehci-platform: EHCI generic platform driver
[    8.266055] ohci_hcd: USB 1.1 'Open' Host Controller (OHCI) Driver
[    8.269088] ohci-pci: OHCI PCI platform driver
[    8.270142] ohci-platform: OHCI generic platform driver
[    8.271300] uhci_hcd: USB Universal Host Controller Interface driver
[    8.272863] i8042: PNP: PS/2 Controller [PNP0303:PS2K,PNP0f03:PS2M] at 0x60,0x64 irq 1,12
[    8.280024] serio: i8042 KBD port at 0x60,0x64 irq 1
[    8.296257] serio: i8042 AUX port at 0x60,0x64 irq 12
[    8.303087] mousedev: PS/2 mouse device common for all mice
[    8.305158] input: AT Translated Set 2 keyboard as /devices/platform/i8042/serio0/input/input2
[    8.311906] rtc_cmos rtc_cmos: rtc core: registered rtc_cmos as rtc0
[    8.399355] rtc_cmos rtc_cmos: alarms up to one day, 114 bytes nvram
[    8.467226] i2c /dev entries driver
[    8.468279] device-mapper: uevent: version 1.0.3
[    8.469449] device-mapper: ioctl: 4.34.0-ioctl (2015-10-28) initialised: dm-devel@redhat.com
[    8.507569] ledtrig-cpu: registered to indicate activity on CPUs
[    8.520871] NET: Registered protocol family 10
[    8.540125] NET: Registered protocol family 17
[    8.541169] Key type dns_resolver registered
[    8.542283] microcode: CPU0 sig=0x306d4, pf=0x40, revision=0x0
[    8.554747] microcode: CPU1 sig=0x306d4, pf=0x40, revision=0x0
[    8.558644] microcode: Microcode Update Driver: v2.01 <tigran@aivazian.fsnet.co.uk>, Peter Oruba
[    8.568579] registered taskstats version 1
[    8.572828] Loading compiled-in X.509 certificates
[    8.578195] Loaded X.509 cert 'Build time autogenerated kernel key: a6f98c496ad22cf23b77f8fe21ff88c41791cbd4'
[    8.581597] zswap: loaded using pool lzo/zbud
[    8.589609] Key type trusted registered
[    8.633596] Key type encrypted registered
[    8.669576] tsc: Refined TSC clocksource calibration: 2701.175 MHz
[    8.671633] AppArmor: AppArmor sha1 policy hashing enabled
[    8.671637] ima: No TPM chip found, activating TPM-bypass!
[    8.671658] evm: HMAC attrs: 0x1
[    8.700137]   Magic number: 1:970:548
[    8.700155] tty ttyS24: hash matches
[    8.705296] rtc_cmos rtc_cmos: setting system clock to 2017-09-18 20:31:14 UTC (1505766674)
[    8.705415] BIOS EDD facility v0.16 2004-Jun-25, 0 devices found
[    8.705416] EDD information not available.
[    8.765380] clocksource: tsc: mask: 0xffffffffffffffff max_cycles: 0x26ef947a053, max_idle_ns: 440795332872 ns
[    8.792232] Freeing unused kernel memory: 1492K (ffffffff81f45000 - ffffffff820ba000)
[    8.853241] Write protecting the kernel read-only data: 14336k
[    8.922935] Freeing unused kernel memory: 1748K (ffff88000184b000 - ffff880001a00000)
[    8.965213] Freeing unused kernel memory: 112K (ffff880001de4000 - ffff880001e00000)
Loading, please [    9.013168] random: systemd-udevd: uninitialized urandom read (16 bytes read, 3 bits of entropy available)
wait...
startin[    9.013754] random: udevadm: uninitialized urandom read (16 bytes read, 3 bits of entropy available)
g version 229
[    9.013787] random: udevadm: uninitialized urandom read (16 bytes read, 3 bits of entropy available)
[    9.013881] random: udevadm: uninitialized urandom read (16 bytes read, 3 bits of entropy available)
[    9.013915] random: udevadm: uninitialized urandom read (16 bytes read, 3 bits of entropy available)
[    9.013947] random: udevadm: uninitialized urandom read (16 bytes read, 3 bits of entropy available)
[    9.013992] random: udevadm: uninitialized urandom read (16 bytes read, 3 bits of entropy available)
[    9.014028] random: udevadm: uninitialized urandom read (16 bytes read, 3 bits of entropy available)
[    9.014058] random: udevadm: uninitialized urandom read (16 bytes read, 3 bits of entropy available)
[    9.014089] random: udevadm: uninitialized urandom read (16 bytes read, 3 bits of entropy available)
[    9.621855] e1000: Intel(R) PRO/1000 Network Driver - version 7.3.21-k8-NAPI
[    9.637683] e1000: Copyright (c) 1999-2006 Intel Corporation.
[    9.643630] Fusion MPT base driver 3.04.20
[    9.661026] Copyright (c) 1999-2008 LSI Corporation
[    9.671379] Fusion MPT SPI Host driver 3.04.20
[    9.692722] AVX version of gcm_enc/dec engaged.
[    9.694924] AES CTR mode by8 optimization enabled
[    9.894870] input: ImExPS/2 Generic Explorer Mouse as /devices/platform/i8042/serio1/input/input4
[   10.044913] e1000 0000:00:03.0 eth0: (PCI:33MHz:32-bit) 02:6d:48:63:12:0d
[   10.100570] e1000 0000:00:03.0 eth0: Intel(R) PRO/1000 Network Connection
[   10.538333] e1000 0000:00:08.0 eth1: (PCI:33MHz:32-bit) 08:00:27:46:a3:4d
[   10.634754] e1000 0000:00:08.0 eth1: Intel(R) PRO/1000 Network Connection
[   10.662422] mptbase: ioc0: Initiating bringup
[   10.662815] e1000 0000:00:08.0 enp0s8: renamed from eth1
[   10.697966] e1000 0000:00:03.0 enp0s3: renamed from eth0
[   10.771890] ioc0: LSI53C1030 A0: Capabilities={Initiator}
[   11.001103] scsi host2: ioc0: LSI53C1030 A0, FwRev=00000000h, Ports=1, MaxQ=256, IRQ=20
[   11.180167] scsi 2:0:0:0: Direct-Access     VBOX     HARDDISK         1.0  PQ: 0 ANSI: 5
[   11.213292] scsi target2:0:0: Beginning Domain Validation
[   11.320980] scsi target2:0:0: Domain Validation skipping write tests
[   11.323359] scsi target2:0:0: Ending Domain Validation
[   11.325652] scsi target2:0:0: asynchronous
[   11.327168] scsi 2:0:1:0: Direct-Access     VBOX     HARDDISK         1.0  PQ: 0 ANSI: 5
[   11.394427] scsi target2:0:1: Beginning Domain Validation
[   11.528656] scsi target2:0:1: Domain Validation skipping write tests
[   11.632326] scsi target2:0:1: Ending Domain Validation
[   11.744052] scsi target2:0:1: asynchronous
[   11.763898] sd 2:0:0:0: Attached scsi generic sg0 type 0
[   11.764008] sd 2:0:0:0: [sda] 20971520 512-byte logical blocks: (10.7 GB/10.0 GiB)
[   11.764142] sd 2:0:0:0: [sda] Write Protect is off
[   11.764215] sd 2:0:0:0: [sda] Incomplete mode parameter data
[   11.764216] sd 2:0:0:0: [sda] Assuming drive cache: write through
[   11.765864]  sda: sda1
[   11.766497] sd 2:0:0:0: [sda] Attached SCSI disk
[   12.104345] sd 2:0:1:0: Attached scsi generic sg1 type 0
[   12.104543] sd 2:0:1:0: [sdb] 20480 512-byte logical blocks: (10.5 MB/10.0 MiB)
[   12.104749] sd 2:0:1:0: [sdb] Write Protect is off
[   12.104857] sd 2:0:1:0: [sdb] Incomplete mode parameter data
[   12.104858] sd 2:0:1:0: [sdb] Assuming drive cache: write through
[   12.107304] sd 2:0:1:0: [sdb] Attached SCSI disk
[   12.639497] floppy0: no floppy controllers found
Begin: Loading e[   14.017552] md: linear personality registered for level -1
ssential drivers ... [   14.040665] md: multipath personality registered for level -4
[   14.129329] md: raid0 personality registered for level 0
[   14.187976] md: raid1 personality registered for level 1
[   14.303484] raid6: sse2x1   gen()  5729 MB/s
[   14.403615] raid6: sse2x1   xor()  7068 MB/s
[   14.511849] raid6: sse2x2   gen() 11338 MB/s
[   14.619454] raid6: sse2x2   xor()  7714 MB/s
[   14.715425] raid6: sse2x4   gen() 13920 MB/s
[   14.807598] raid6: sse2x4   xor()  8871 MB/s
[   14.856040] raid6: using algorithm sse2x4 gen() 13920 MB/s
[   14.857277] raid6: .... xor() 8871 MB/s, rmw enabled
[   14.885169] raid6: using ssse3x2 recovery algorithm
[   14.944397] xor: automatically using best checksumming function:
[   15.043621]    avx       : 23600.000 MB/sec
[   15.088226] async_tx: api initialized (async)
[   15.135111] md: raid6 personality registered for level 6
[   15.176258] md: raid5 personality registered for level 5
[   15.203121] md: raid4 personality registered for level 4
[   15.263645] md: raid10 personality registered for level 10
done.
Begin: Running /scripts/init-premount ... done.
Begin: Mounting root file system ... Begin: Running /scripts/local-top ... done.
Begin: Running /scripts/local-premount ... [   15.354882] Btrfs loaded
Scanning for Btrfs filesystems
done.
Warning: fsck no[   15.405184] EXT4-fs (sda1): mounted filesystem with ordered data mode. Opts: (null)
t present, so skipping root file system
done.
Begin: Running /scripts/local-bottom ... done.
Begin: Running /scripts/init-bottom ... done.
[   15.659775] systemd[1]: systemd 229 running in system mode. (+PAM +AUDIT +SELINUX +IMA +APPARMOR +SMACK +SYSVINIT +UTMP +LIBCRYPTSETUP +GCRYPT +GNUTLS +ACL +XZ -LZ4 +SECCOMP +BLKID +ELFUTILS +KMOD -IDN)
[   15.734687] systemd[1]: Detected virtualization oracle.
[   15.774403] systemd[1]: Detected architecture x86-64.

Welcome to [1mUbuntu 16.04.3 LTS[0m!

[   15.824466] systemd[1]: Set hostname to <ubuntu>.
[   15.882382] systemd[1]: Initializing machine ID from random generator.
[   15.889787] systemd[1]: Installed transient /etc/machine-id file.
[   16.090357] systemd[1]: Created slice System Slice.
[[0;32m  OK  [0m] Created slice System Slice.
[   16.138653] systemd[1]: Listening on Journal Socket (/dev/log).
[[0;32m  OK  [0m] Listening on Journal Socket (/dev/log).
[   16.191670] systemd[1]: Listening on LVM2 metadata daemon socket.
[[0;32m  OK  [0m] Listening on LVM2 metadata daemon socket.
[   16.308917] random: nonblocking pool is initialized
[   16.382745] systemd[1]: Listening on Journal Audit Socket.
[[0;32m  OK  [0m] Listening on Journal Audit Socket.
[   16.411264] systemd[1]: Listening on LVM2 poll daemon socket.
[[0;32m  OK  [0m] Listening on LVM2 poll daemon socket.
[   16.429833] systemd[1]: Listening on Device-mapper event daemon FIFOs.
[[0;32m  OK  [0m] Listening on Device-mapper event daemon FIFOs.
[   16.484428] systemd[1]: Listening on Journal Socket.
[[0;32m  OK  [0m] Listening on Journal Socket.
[   16.579528] systemd[1]: Starting Load Kernel Modules...
         Starting Load Ke[   16.656320] Loading iSCSI transport class v2.0-870.
rnel Modules...
[   16.713654] systemd[1]: Mounting Debug File System...
         Mounting Debug File System...
[   16.719841] systemd[1]: Reached target Swap.
[[0;32m  OK  [0[   16.723893] iscsi: registered transport (tcp)
m] Reached target Swap.
[   16.766133] systemd[1]: Reached target User and Group Name Lookups.
[[0;32m  OK  [0m] Reached target User and Group Name Lookups.
[   16.802882] systemd[1]: Listening on udev Control Socket.
[[0;32m  OK  [0m] Listening on udev Control Socket.
[   16.846902] iscsi: registered transport (iser)
[   16.856832] systemd[1]: Starting Remount Root and Kernel File Systems...
         Startin[   16.872108] EXT4-fs (sda1): re-mounted. Opts: (null)
g Remount Root and Kernel File Systems...
[   16.895255] systemd[1]: Mounting POSIX Message Queue File System...
         Mounting POSIX Message Queue File System...
[   16.940005] systemd[1]: Started Forward Password Requests to Wall Directory Watch.
[[0;32m  OK  [0m] Started Forward Password Requests to Wall Directory Watch.
[   17.084147] systemd[1]: Set up automount Arbitrary Executable File Formats File System Automount Point.
[[0;32m  OK  [0m] Set up automount Arbitrary Executab...ats File System Automount Point.
[   17.132888] systemd[1]: Created slice User and Session Slice.
[[0;32m  OK  [0m] Created slice User and Session Slice.
[   17.163885] systemd[1]: Reached target Slices.
[[0;32m  OK  [0m] Reached target Slices.
[   17.199733] systemd[1]: Reached target Encrypted Volumes.
[[0;32m  OK  [0m] Reached target Encrypted Volumes.
[   17.228209] systemd[1]: Listening on /dev/initctl Compatibility Named Pipe.
[[0;32m  OK  [0m] Listening on /dev/initctl Compatibility Named Pipe.
[   17.236559] systemd[1]: Listening on Syslog Socket.
[[0;32m  OK  [0m] Listening on Syslog Socket.
[   17.264718] systemd[1]: Starting Journal Service...
         Starting Journal Service...
[   17.332157] systemd[1]: Starting Uncomplicated firewall...
         Starting Uncomplicated firewall...
[   17.404325] systemd[1]: Starting Create list of required static device nodes for the current kernel...
         Starting Create list of required st... nodes for the current kernel...
[   17.548146] systemd[1]: Mounting Huge Pages File System...
         Mounting Huge Pages File System...
[   17.589017] systemd[1]: Created slice system-serial\x2dgetty.slice.
[[0;32m  OK  [0m] Created slice system-serial\x2dgetty.slice.
[   17.696768] systemd[1]: Starting Monitoring of LVM2 mirrors, snapshots etc. using dmeventd or progress polling...
         Starting Monitoring of LVM2 mirrors... dmeventd or progress polling...
[   17.839705] systemd[1]: Starting Nameserver information manager...
         Starting Nameserver information manager...
[   17.864389] systemd[1]: Starting Set console keymap...
         Starting Set console keymap...
[   17.928720] systemd[1]: Started Trigger resolvconf update for networkd DNS.
[[0;32m  OK  [0m] Started Trigger resolvconf update for networkd DNS.
[   17.964097] systemd[1]: Listening on udev Kernel Socket.
[[0;32m  OK  [0m] Listening on udev Kernel Socket.
[   18.029214] systemd[1]: Mounted POSIX Message Queue File System.
[[0;32m  OK  [0m] Mounted POSIX Message Queue File System.
[   18.092078] systemd[1]: Mounted Debug File System.
[[0;32m  OK  [0m] Mounted Debug File System.
[   18.144490] systemd[1]: Mounted Huge Pages File System.
[[0;32m  OK  [0m] Mounted Huge Pages File System.
[   18.187942] systemd[1]: Started Journal Service.
[[0;32m  OK  [0m] Started Journal Service.
[[0;32m  OK  [0m] Started Load Kernel Modules.
[[0;32m  OK  [0m] Started Remount Root and Kernel File Systems.
[[0;32m  OK  [0m] Started Uncomplicated firewall.
[[0;32m  OK  [0m] Started Create list of required sta...ce nodes for the current kernel.
[[0;32m  OK  [0m] Started Set console keymap.
[[0;32m  OK  [0m] Started Nameserver information manager.
[[0;32m  OK  [0m] Started LVM2 metadata daemon.
         Starting Create Static Device Nodes in /dev...
         Starting Load/Save Random Seed...
         Starting udev Coldplug all Devices...
         Starting Initial cloud-init job (pre-networking)...
         Starting Apply Kernel Variables...
         Mounting FUSE Control File System...
         Starting Flush Journal to Persistent Storage...
[[0;32m  OK  [0m] Mounted FUSE Control File System.
[[0;32m  OK  [0m] Started Monitoring of LVM2 mirrors,...ng dmeventd or progress polling.
[[0;32m  OK  [0m] Started Create Static Device Nodes in /dev.
[[0;32m  OK  [0m] Started Load/Save Random Seed.
[[0;32m  OK  [0m] Started Apply Kernel Variables.
[[0;32m  OK  [0m] Started udev Coldplug all Devices.
[[0;32m  OK  [0m] Started Flush Journal to Persistent Storage.
         Starting udev Kernel Device Manager...
[[0;32m  OK  [0m] Started udev Kernel Device Manager.
[[0;32m  OK  [0m] Reached target Local File Systems (Pre).
[[0;32m  OK  [0m] Reached target Local File Systems.
         Starting Commit a transient machine-id on disk...
         Starting Tell Plymouth To Write Out Runtime Data...
         Starting LSB: AppArmor initialization...
         Starting Set console font and keymap...
         Starting Create Volatile Files and Directories...
[[0;32m  OK  [0m] Started Dispatch Password Requests to Console Directory Watch.
[[0;32m  OK  [0m] Started Commit a transient machine-id on disk.
[[0;32m  OK  [0m] Started Tell Plymouth To Write Out Runtime Data.
[[0;32m  OK  [0m] Started Create Volatile Files and Directories.
[[0;32m  OK  [0m] Found device /dev/ttyS0.
[[0;32m  OK  [0m] Listening on Load/Save RF Kill Switch Status /dev/rfkill Watch.
[   15.634187] cloud-init[451]: Cloud-init v. 0.7.9 running 'init-local' at Mon, 18 Sep 2017 20:31:25 +0000. Up 14.91 seconds.
[[0;32m  OK  [0m] Reached target System Time Synchronized.
         Starting Update UTMP about System Boot/Shutdown...
[[0;32m  OK  [0m] Started Initial cloud-init job (pre-networking).
[[0;32m  OK  [0m] Reached target Network (Pre).
[[0;32m  OK  [0m] Started LSB: AppArmor initialization.
[[0;32m  OK  [0m] Started Update UTMP about System Boot/Shutdown.
         Starting Raise network interfaces...
[[0;32m  OK  [0m] Started Set console font and keymap.
[[0;32m  OK  [0m] Created slice system-getty.slice.
[[0;32m  OK  [0m] Started Raise network interfaces.
[[0;32m  OK  [0m] Reached target Network.
         Starting Initial cloud-init job (metadata service crawler)...
[   19.242866] cloud-init[944]: Cloud-init v. 0.7.9 running 'init' at Mon, 18 Sep 2017 20:31:28 +0000. Up 18.47 seconds.
[   19.264551] cloud-init[944]: ci-info: ++++++++++++++++++++++++++++++++++++++Net device info++++++++++++++++++++++++++++++++++++++
[   19.332954] [cloud-init[0;32m  OK  [0m[944]: ] ci-info: +--------+-------+----------------------------+---------------+-------+-------------------+Started Initial cloud-init job (metadata service crawler).

[   19.333714] cloud-init[944]: ci-info: | Device |   Up  |          Address           |      Mask     | Scope |     Hw-Address    |
[   19.532733] [cloud-init[0;32m  OK  [0m[944]: ] ci-info: +--------+-------+----------------------------+---------------+-------+-------------------+Reached target System Initialization.

[[0;32m  OK  [0m] Started Timer to automatically refresh installed snaps.
[[0;32m  OK  [0m] Listening on ACPID Listen Socket.
[   19.533209] cloud-init[944]: ci-info: |   lo   |  True |         127.0.0.1          |   255.0.0.0   |   .   |         .         |
[   19.695685] [[0;32m  OK  [0m] Started Daily Cleanup of Temporary Directories.
cloud-init[944]: ci-info: |   lo   |  True |          ::1/128           |       .       |  host |         .         |
[   19.824584] [cloud-init[0;32m  OK  [0m[944]: ] ci-info: | enp0s3 |  True |         10.0.2.15          | 255.255.255.0 |   .   | 02:6d:48:63:12:0d |Started ACPI Events Check.

[[0;32m  OK  [0m] Reached target Paths.
[[0;32m  OK  [0m] Listening on D-Bus System Message Bus Socket.
[   19.825139] cloud-init[944]: ci-info: | enp0s3 |  True | fe80::6d:48ff:fe63:120d/64 |       .       |  link | 02:6d:48:63:12:0d |
[   20.025793]          cloud-initStarting LXD - unix socket.[944]: 
ci-info: | enp0s8 | False |             .              |       .       |   .   | 08:00:27:46:a3:4d |
[   20.062096]          cloud-initStarting Socket activation for snappy daemon.[944]: 
ci-info: +--------+-------+----------------------------+---------------+-------+-------------------+
[   20.128393] [cloud-init[0;32m  OK  [0m[944]: ] ci-info: +++++++++++++++++++++++++++Route IPv4 info++++++++++++++++++++++++++++Listening on UUID daemon activation socket.

[   20.215653] [[0;32m  OK  [0m] Started Timer to automatically fetch and run repair assertions.cloud-init
[944]: ci-info: +-------+-------------+----------+---------------+-----------+-------+
[   20.256514] [cloud-init[0;32m  OK  [0m[944]: ] ci-info: | Route | Destination | Gateway  |    Genmask    | Interface | Flags |Reached target Network is Online.

[   20.257061] cloud-init[944]: ci-info: +-------+-------------+----------+---------------+-----------+-------+
[   20.366307]          Starting iSCSI initiator daemon (iscsid)...
[cloud-init[0;32m  OK  [0m[944]: ] ci-info: |   0   |   0.0.0.0   | 10.0.2.2 |    0.0.0.0    |   enp0s3  |   UG  |Started Daily apt download activities.

[   20.405600] [cloud-init[0;32m  OK  [0m[944]: ] ci-info: |   1   |   10.0.2.0  | 0.0.0.0  | 255.255.255.0 |   enp0s3  |   U   |Started Daily apt upgrade and clean activities.

[[0;32m  OK  [0m] Reached target Timers.
[[0;32m  OK  [0m] Reached target Cloud-config availability.
[   20.406156] cloud-init[944]: ci-info: +-------+-------------+----------+---------------+-----------+-------+
[   20.544736] [cloud-init[0;32m  OK  [0m[944]: ] Generating public/private rsa key pair.Listening on LXD - unix socket.

[[0;32m  OK  [0m] Listening on Socket activation for snappy daemon.
[   20.545734] cloud-init[944]: Your identification has been saved in /etc/ssh/ssh_host_rsa_key.
[   20.734040] [cloud-init[0;32m  OK  [0m[944]: ] Your public key has been saved in /etc/ssh/ssh_host_rsa_key.pub.Started iSCSI initiator daemon (iscsid).

[   20.734665] cloud-init[944]: The key fingerprint is:
[   20.816245] cloud-init[944]: SHA256:+Cr1fFdhZtyv7y+FgTnMnQDLfRb+Ch0Si6U5hykZ/Ao root@ubuntu-xenial
[   20.884992]          cloud-initStarting Login to default iSCSI targets...[944]: 
The key's randomart image is:
[   20.981154] [cloud-init[0;32m  OK  [0m[944]: ] +---[RSA 2048]----+Reached target Sockets.

[[0;32m  OK  [0m] Reached target Basic System.
[   20.982100] cloud-init[944]: |       .. ..o .  |
[   21.084660]          cloud-initStarting /etc/rc.local Compatibility...[944]: 
|        .+ X.+ . |
[   21.106336] cloud-init[944]: |        o.Xo=*=o |
         [   21.120568] Starting Login Service...cloud-init
[944]: |      E. ..o*=Xo.|
[   21.164466] cloud-init[944]: |      ..S.  .=.+o|
[   21.164795] cloud-init[944]: |      ...    .o.o|
         Starting LSB: Record successful boot for GRUB...
[   21.164935] cloud-init[944]: |     . o.    ..o |
[   21.286962] cloud-init[944]: |    .  .o . . o  |
[[   21.287257] [0;32m  OK  [0mcloud-init] [944]: Started FUSE filesystem for LXC.|     ..  . .   +=|

[   21.287525] cloud-init[944]: +----[SHA256]-----+
[   21.395496] cloud-init[944]: Generating public/private dsa key pair.
[   21.395799] cloud-init[944]: Your identification has been saved in /etc/ssh/ssh_host_dsa_key.
[[0;32m  OK  [0m] Started D-Bus System Message Bus.
[   21.396099] cloud-init[944]: Your public key has been saved in /etc/ssh/ssh_host_dsa_key.pub.
[   21.533088] cloud-init[944]: The key fingerprint is:
[   21.533388] cloud-init[944]: SHA256:4wMn/S7wVVPnTWB6x9L3ToXhsYds4CYLf7Kq1Bi8SpA root@ubuntu-xenial
[[0;32m  OK  [0m] Started ACPI event daemon.
[   21.533650] cloud-init[944]: The key's randomart image is:
[   21.656803] cloud-init[944]: +---[DSA 1024]----+
[   21.657305] cloud-init[944]: |            . =. |
[[0;32m  OK  [0m] Started Regular background program processing daemon.
[   21.657646] cloud-init[944]: |           . *.Oo|
[   21.804300] cloud-init[944]: |        . . +.X+O|
[   21.804568] cloud-init[944]: |   . . . o +oo +*|
         Starting Accounts Service...
[   21.804709] cloud-init[944]: |  E   = S +...  o|
[   21.828804] cloud-init[944]: |   .  .X o.+   o |
[   21.829138] cloud-init[944]: |    . +o+.o     .|
[[0;32m  OK  [0m] Started Unattended Upgrades Shutdown.
[   21.829370] cloud-init[944]: |   . o  o+       |
[   21.960375] cloud-init[944]: |    . .....      |
[   21.960689] cloud-init[944]: +----[SHA256]-----+
         Starting System Logging Service...
[   21.960923] cloud-init[944]: Generating public/private ecdsa key pair.
[   22.132268]          cloud-initStarting LSB: MD monitoring daemon...[944]: 
Your identification has been saved in /etc/ssh/ssh_host_ecdsa_key.
[   22.229273] [cloud-init[0;32m  OK  [0m[944]: ] Your public key has been saved in /etc/ssh/ssh_host_ecdsa_key.pub.Started Deferred execution scheduler.

[   22.229805] cloud-init[944]: The key fingerprint is:
[   22.335547] cloud-init[944]: SHA256:rpkWT4aeb33hlmjLCASVRfeoYQ3JlBnmS8Qnhf8Slag root@ubuntu-xenial
         Starting Pollinate to seed the pseudo random number generator...
[   22.336224] cloud-init[944]: The key's randomart image is:
[   22.500538]          cloud-initStarting Apply the settings specified in cloud-config...[944]: 
+---[ECDSA 256]---+
[   22.501639] cloud-init[944]: |      .BOBo. .   |
[   22.540818]          cloud-initStarting Snappy daemon...[944]: 
|     ..+O+ooo    |
         Starting LXD - container startup/shutdown...
[[0;32m  OK  [0m] Started System Logging Service.
[[0;32m  OK  [0m] Started /etc/rc.local Compatibility.
[[0;32m  OK  [0m] Started LXD - container startup/shutdown.
[[0;32m  OK  [0m] Started Snappy daemon.
[   22.584317] cloud-init[944]: |    .   ==o..    |
[   22.740450] cloud-init[944]: |     . oE+o      |
[   22.763742] cloud-init[944]: |      ..S  o     |
[   22.805183] cloud-init[944]: |     .o.o . o    |
[[0;32m  OK  [0m] Started LSB: Record successful boot for GRUB.
[   22.923028] cloud-init[944]: |     ..*.. + o   |
[   22.945209] cloud-init[944]: |      +=oo+ =    |
[[0;32m  OK  [0m] Started Login to default iSCSI targets.
[[0;32m  OK  [0m] Started Pollinate to seed the pseudo random number generator.
[   22.990828] cloud-init[944]: |     .+oo.o+     |
[   23.132039] cloud-init[944]: +----[SHA256]-----+
[[0;32m  OK  [0m] Started LSB: MD monitoring daemon.
[   23.209881] cloud-init[944]: Generating public/private ed25519 key pair.
[[0;32m  OK  [0m] Started Login Service.
[   23.323078] cloud-init[944]: Your identification has been saved in /etc/ssh/ssh_host_ed25519_key.
[   23.324289] cloud-init[944]: Your public key has been saved in /etc/ssh/ssh_host_ed25519_key.pub.
[   23.424472]          cloud-initStarting Authenticate and Authorize Users to Run Privileged Tasks...[944]: 
The key fingerprint is:
         Starting OpenBSD Secure Shell server...
[[0;32m  OK  [0m] Reached target Remote File Systems (Pre).
[[0;32m  OK  [0m] Reached target Remote File Systems.
[   23.453719] cloud-init[944]: SHA256:1KLc3FOivzO40AJSuHm9yDRRCNFrOftTzYb6KYdiZKQ root@ubuntu-xenial
[   23.481642] cloud-init         Starting LSB: VirtualBox Linux Additions...
         Starting LSB: Set the CPU Frequency Scaling governor to "ondemand"...
         Starting LSB: automatic crash report generation...
         Starting LSB: daemon to balance interrupts for SMP systems...
         Starting Permit User Sessions...
[944]: The key's randomart image is:
[   23.584375] cloud-init         [944]: Starting Auto import assertions from block devices...+--[ED25519 256]--+

[   23.585327] cloud-init[944]: |  o+ ..          |
[   23.634386] [cloud-init[0;32m  OK  [0m[944]: ] |   .o.   .       |Started OpenBSD Secure Shell server.

[   23.643897] [cloud-init[0;32m  OK  [0m[944]: ] |  . oo  o o .    |Started Permit User Sessions.

[   23.644509] cloud-init[944]: |   +*+ = + o     |
[   23.683787] cloud-init[944]: |  ++=o+ S+o      |
[[0;32m  OK  [0m] Started Auto import assertions from block devices.
[   23.684658] cloud-init[944]: |  E=++ oo.+.     |
[   23.744568] cloud-init[944]: |   oo.++.o.      |
[   23.759094] cloud-init[944]: |    o *oo.o.     |
[[0;32m  OK  [0m] Started Authenticate and Authorize Users to Run Privileged Tasks.
[[0;32m  OK  [0m] Started Accounts Service.
[   23.759975] cloud-init[944]: |   . . =+..o     |
[   23.943270] cloud-init[944]: +----[SHA256]-----+
         Starting Hold until boot process finishes up...
[   24.009969] cloud-init[1120]: Generating locales (this might take a while)...
         Starting Terminate Plymouth Boot Screen...
[[0;32m  OK  [0m] Started LSB: VirtualBox Linux Additions.
[[0;32m  OK  [0m] Started LSB: Set the CPU Frequency Scaling governor to "ondemand".
[[0;32m  OK  [0m] Started LSB: automatic crash report generation.
[[0;32m  OK  [0m] Started LSB: daemon to balance interrupts for SMP systems.
[[0;32m  OK  [0m] Started Hold until boot process finishes up.
[[0;32m  OK  [0m] Started Terminate Plymouth Boot Screen.
[[0;32m  OK  [0m] Started Getty on tty1.
[[0;32m  OK  [0m] Started Serial Getty on ttyS0.
[[0;32m  OK  [0m] Reached target Login Prompts.
         Starting Set console scheme...
[[0;32m  OK  [0m] Reached target Multi-User System.
[[0;32m  OK  [0m] Reached target Graphical Interface.
         Starting Update UTMP about System Runlevel Changes...
[[0;32m  OK  [0m] Started Set console scheme.
[[0;32m  OK  [0m] Started Update UTMP about System Runlevel Changes.
[   24.920267] cloud-init[1120]:   en_US.UTF-8... done
[   24.935216] cloud-init[1120]: Generation complete.
         Stopping OpenBSD Secure Shell server...
[[0;32m  OK  [0m] Stopped OpenBSD Secure Shell server.
         Starting OpenBSD Secure Shell server...
[[0;32m  OK  [0m] Started OpenBSD Secure Shell server.
[[0;32m  OK  [0m] Created slice User Slice of ubuntu.
         Starting User Manager for UID 1000...
[[0;32m  OK  [0m] Started User Manager for UID 1000.
[   25.410813] cloud-init[1120]: Cloud-init v. 0.7.9 running 'modules:config' at Mon, 18 Sep 2017 20:31:33 +0000. Up 22.95 seconds.
[[0;32m  OK  [0m] Started Session 1 of user ubuntu.
[[0;32m  OK  [0m] Started Apply the settings specified in cloud-config.
         Starting Execute cloud user/final scripts...
ci-info: no authorized ssh keys fingerprints found for user ubuntu.
<14>Sep 18 20:31:36 ec2: 
<14>Sep 18 20:31:36 ec2: #############################################################
<14>Sep 18 20:31:36 ec2: -----BEGIN SSH HOST KEY FINGERPRINTS-----
<14>Sep 18 20:31:36 ec2: 1024 SHA256:4wMn/S7wVVPnTWB6x9L3ToXhsYds4CYLf7Kq1Bi8SpA root@ubuntu-xenial (DSA)
<14>Sep 18 20:31:36 ec2: 256 SHA256:rpkWT4aeb33hlmjLCASVRfeoYQ3JlBnmS8Qnhf8Slag root@ubuntu-xenial (ECDSA)
<14>Sep 18 20:31:36 ec2: 256 SHA256:1KLc3FOivzO40AJSuHm9yDRRCNFrOftTzYb6KYdiZKQ root@ubuntu-xenial (ED25519)
<14>Sep 18 20:31:36 ec2: 2048 SHA256:+Cr1fFdhZtyv7y+FgTnMnQDLfRb+Ch0Si6U5hykZ/Ao root@ubuntu-xenial (RSA)
<14>Sep 18 20:31:36 ec2: -----END SSH HOST KEY FINGERPRINTS-----
<14>Sep 18 20:31:36 ec2: #############################################################
-----BEGIN SSH HOST KEY KEYS-----
ecdsa-sha2-nistp256 AAAAE2VjZHNhLXNoYTItbmlzdHAyNTYAAAAIbmlzdHAyNTYAAABBBJHdCmlBoj6HKUmegcTCr1aODs5YW/Uo8zjIO9AYCrCqpmazM7GjwYNkd9FYfy+i1Og9VXJ/XXLBoQ/eBUfKzlM= root@ubuntu-xenial
ssh-ed25519 AAAAC3NzaC1lZDI1NTE5AAAAIE+pfkv0A8UI26uxK6dib9o8Q/iql3mxK7Fi4zPfNWkM root@ubuntu-xenial
ssh-rsa AAAAB3NzaC1yc2EAAAADAQABAAABAQC2LMS8l0F+UYnqjwWyCTCKetXGw1UpJHR+ot37l0Auw/nQRbuoXs3twSi/0roODui9ILEywuFNjUWs0msHMep36nz2KeCWvwEduSrEnJZwZ3EMS5p6Iv6ahqxozQDx2PWvHLxRna86l0/REIAAMrMa7rc8XooM8tF0RMC6ciuB55Jbx78FshcjPHTvJqpMNSJ8iAoUK9zEOJO+ncO3kCs4ZAvqwPcw7DH8xA4twuKngMPpfQuAsu+yjHBCqlsCJRoZNpjN1t6BbyztTfhfkgmmaa319pXkg+qlYEEW2mgu4xH57NSLlvmCu/OH7LZgIGp6cHnQRuF/ydAuYXdDOoIP root@ubuntu-xenial
-----END SSH HOST KEY KEYS-----
[   26.912798] cloud-init[1349]: Cloud-init v. 0.7.9 running 'modules:final' at Mon, 18 Sep 2017 20:31:36 +0000. Up 26.19 seconds.
[   26.947379] cloud-init[1349]: ci-info: no authorized ssh keys fingerprints found for user ubuntu.
[   26.953275] cloud-init[1349]: Cloud-init v. 0.7.9 finished at Mon, 18 Sep 2017 20:31:37 +0000. Datasource DataSourceNoCloud [seed=/dev/sdb][dsmode=net].  Up 26.90 seconds
[[0;32m  OK  [0m] Started Execute cloud user/final scripts.
[[0;32m  OK  [0m] Reached target Cloud-init target.

Ubuntu 16.04.3 LTS ubuntu-xenial ttyS0

ubuntu-xenial login: 